[ramsteinboyscouts.com/index.html]
[backblue.gif]
[fade.gif]
[index.html]
[ramsteinboyscouts.com/wp-content/uploads/2022/11/Full-SizedJPEG-51_photo_SBBC-17-scaled.jpg]
[ramsteinboyscouts.com/wp-content/uploads/siteground-optimizer-assets/siteground-optimizer-combined-css-a649dcb0a2f5daa0cfa58e2d6914474b.css]
[ramsteinboyscouts.com/wp-includes/js/jquery/jquery.minf43b.js]
[ramsteinboyscouts.com/wp-includes/js/jquery/jquery-migrate.min5589.js]
[ramsteinboyscouts.com/comments/feed/index.html]
[ramsteinboyscouts.com/feed/index.html]
[ramsteinboyscouts.com/wp-content/uploads/siteground-optimizer-assets/twbbwg-circle.min8d1e.js]
[ramsteinboyscouts.com/wp-content/uploads/siteground-optimizer-assets/twbbwg-global.min8a54.js]
[ramsteinboyscouts.com/wp-content/plugins/photo-gallery/js/jquery.sumoselect.min9bf7.js]
[ramsteinboyscouts.com/wp-content/plugins/photo-gallery/js/tocca.minffdc.js]
[ramsteinboyscouts.com/wp-content/plugins/photo-gallery/js/jquery.mCustomScrollbar.concat.minc6bd.js]
[ramsteinboyscouts.com/wp-content/plugins/photo-gallery/js/jquery.fullscreen.mina307.js]
[ramsteinboyscouts.com/wp-content/plugins/photo-gallery/js/scripts.min698f.js]
[ramsteinboyscouts.com/wp-json/wp/v2/pages/84.json]
[ramsteinboyscouts.com/wp-json/index.html]
[ramsteinboyscouts.com/wp-content/uploads/2022/11/cropped-156patch.png]
[ramsteinboyscouts.com/wp-content/uploads/2024/01/BoyGirlLinkedTroop-1-1024x987.jpg]
[ramsteinboyscouts.com/about/index.html]
[ramsteinboyscouts.com/newsletters/index.html]
[ramsteinboyscouts.com/homeslug/history/index.html]
[ramsteinboyscouts.com/join/index.html]
[ramsteinboyscouts.com/wp-content/uploads/2024/01/AU0I0443_photo_SBBC-1024x683.jpg]
[ramsteinboyscouts.com/wp-content/uploads/2024/01/PinningEagle-photo-SBBC-809x1024.jpg]
[ramsteinboyscouts.com/wp-content/uploads/2024/01/AC6I5117_photo_SBBC-1024x683.jpg]
[ramsteinboyscouts.com/adventures/index.html]
[ramsteinboyscouts.com/contact/index.html]
[ramsteinboyscouts.com/wp-content/uploads/2024/01/AU0I3753_photo_SBBC-1024x683.jpg]
[ramsteinboyscouts.com/wp-content/uploads/2022/11/Full-SizedJPEG-51_photo_SBBC-23-scaled.jpg]
[ramsteinboyscouts.com/wp-content/plugins/sg-cachepress/assets/js/lazysizes.min4ae6.js]
[ramsteinboyscouts.com/wp-content/uploads/siteground-optimizer-assets/neve-script.min4c8b.js]
[ramsteinboyscouts.com/wp-content/plugins/otter-blocks/assets/macy/macycdc1.js]
[ramsteinboyscouts.com/index.html]
[ramsteinboyscouts.com/wp-content/plugins/otter-blocks/build/blocks/masonrycdc1.js]
[ramsteinboyscouts.com/wp-content/plugins/photo-gallery/booster/assets/images/optimize.svg]
[ramsteinboyscouts.com/wp-content/plugins/photo-gallery/css/bwg-fonts/fonts/bwg8f95.eot]
[ramsteinboyscouts.com/wp-content/plugins/photo-gallery/images/ajax_loader.png]
[ramsteinboyscouts.com/wp-content/uploads/siteground-optimizer-assets/siteground-optimizer-combined-css-a649dcb0a2f5daa0cfa58e2d6914474b.css]
[ramsteinboyscouts.com/wp-json/oembed/1.0/embed255f]
[ramsteinboyscouts.com/wp-json/oembed/1.0/embedd68f]
[ramsteinboyscouts.com/wp-json/wp/v2/pages/80.json]
[ramsteinboyscouts.com/wp-json/oembed/1.0/embed345b.json]
[ramsteinboyscouts.com/wp-content/uploads/2022/11/droppedImage.jpg]
[ramsteinboyscouts.com/wp-json/oembed/1.0/embeded0b]
[ramsteinboyscouts.com/wp-content/uploads/2022/12/folder-cover-image_logo_SBBC-BC.jpg]
[ramsteinboyscouts.com/wp-content/uploads/2022/12/Alpine-High-Adventure2-edited.jpg]
[ramsteinboyscouts.com/wp-content/uploads/2022/12/Now-this-is-fun.jpg]
[ramsteinboyscouts.com/wp-content/uploads/2022/12/Rub-a-dub-tub12.jpg]
[ramsteinboyscouts.com/wp-content/uploads/2022/12/AC6I2410_photo_SBBC-1-683x1024.jpg]
[ramsteinboyscouts.com/wp-content/uploads/2022/12/278092625_10103601188217238_1203437420998375073_n.jpg]
[ramsteinboyscouts.com/about/index.html]
[ramsteinboyscouts.com/wp-json/wp/v2/pages/760.json]
[ramsteinboyscouts.com/wp-json/oembed/1.0/embed2bef.json]
[ramsteinboyscouts.com/wp-content/uploads/2024/01/PAGE_001_fall2023-791x1024.jpg]
[ramsteinboyscouts.com/wp-json/oembed/1.0/embed2fad]
[ramsteinboyscouts.com/wp-content/uploads/2024/01/PAGE_002_fall2023-791x1024.jpg]
[ramsteinboyscouts.com/wp-content/uploads/2024/01/PAGE_003_fall2023-791x1024.jpg]
[ramsteinboyscouts.com/wp-content/uploads/2024/01/PAGE_004_fall2023-791x1024.jpg]
[ramsteinboyscouts.com/wp-content/uploads/2024/01/PAGE_005_fall2023-791x1024.jpg]
[ramsteinboyscouts.com/wp-content/uploads/2024/01/PAGE_006_fall2023-791x1024.jpg]
[ramsteinboyscouts.com/wp-content/uploads/2024/01/PAGE_007_fall2023-791x1024.jpg]
[ramsteinboyscouts.com/wp-content/uploads/2024/01/PAGE_008_fall2023-791x1024.jpg]
[ramsteinboyscouts.com/wp-content/uploads/2024/01/PAGE-1_winter2023-791x1024.jpg]
[ramsteinboyscouts.com/wp-content/uploads/2024/01/PAGE-2_winter2023-791x1024.jpg]
[ramsteinboyscouts.com/wp-content/uploads/2024/01/PAGE-3_winter2023-791x1024.jpg]
[ramsteinboyscouts.com/wp-content/uploads/2024/01/PAGE-5_winter2023-791x1024.jpg]
[ramsteinboyscouts.com/wp-content/uploads/2024/01/PAGE-1_Fall2022-6-791x1024.jpg]
[ramsteinboyscouts.com/wp-content/uploads/2024/01/PAGE-3_Fall2022-3-791x1024.jpg]
[ramsteinboyscouts.com/wp-content/uploads/2024/01/PAGE-2_Fall2022-4-791x1024.jpg]
[ramsteinboyscouts.com/wp-content/uploads/2024/01/PAGE-4_Fall2022-4-791x1024.jpg]
[ramsteinboyscouts.com/newsletters/index.html]
[ramsteinboyscouts.com/wp-json/wp/v2/pages/392.json]
[ramsteinboyscouts.com/wp-json/oembed/1.0/embed4b74.json]
[ramsteinboyscouts.com/wp-content/uploads/2022/12/Charter-1-First-Charter-17-Sept-1953-1.jpg]
[ramsteinboyscouts.com/wp-json/oembed/1.0/embedf894]
[ramsteinboyscouts.com/wp-content/uploads/2022/12/Charter-1-First-Charter-17-Sept-1953-Page-2-2.jpg]
[ramsteinboyscouts.com/wp-content/uploads/2022/12/1955-Troop-Camp-Out-2.jpg]
[ramsteinboyscouts.com/wp-content/uploads/2022/12/1955-1958-Troop-Camp-Out-1-3.jpg]
[ramsteinboyscouts.com/wp-content/uploads/2022/12/1955-1958-Troop-Camp-Out-3.jpg]
[ramsteinboyscouts.com/wp-content/uploads/2022/12/1955-1958-Troop-Camp-Out-2-4.jpg]
[ramsteinboyscouts.com/wp-content/uploads/2022/12/ScoutHike-to-Tripstatt.jpg]
[ramsteinboyscouts.com/wp-content/uploads/2022/12/1958-JuneCamporee-3.jpg]
[ramsteinboyscouts.com/wp-content/uploads/2022/12/1958-JuneCamporee-2-1.jpg]
[ramsteinboyscouts.com/wp-content/uploads/2022/12/1959-CastleRuinsatKirnApril-3.jpg]
[ramsteinboyscouts.com/wp-content/uploads/2022/12/1956-Stars-and-stripes-local-explorer-scouts-leave-for-copenhagen1-1.jpg]
[ramsteinboyscouts.com/wp-content/uploads/2022/12/1956-Stars-and-stripes-local-explorer-scouts-leave-for-copenhagen2-1.jpg]
[ramsteinboyscouts.com/wp-content/uploads/2022/12/1956-Stars-and-stripes-local-explorer-scouts-leave-for-copenhagen3-2.jpg]
[ramsteinboyscouts.com/wp-content/uploads/2022/12/1958-Stars-and-Stripes-Base-Weather-Man-Wins-Praise-for-Scouting-Aid2-3.jpg]
[ramsteinboyscouts.com/wp-content/uploads/2022/12/1958-Stars-and-Stripes-Base-Weather-Man-Wins-Praise-for-Scouting-Aid-3.jpg]
[ramsteinboyscouts.com/wp-content/uploads/2022/12/RoyMoya1.jpg]
[ramsteinboyscouts.com/homeslug/history/index.html]
[ramsteinboyscouts.com/wp-json/wp/v2/pages/717.json]
[ramsteinboyscouts.com/wp-json/oembed/1.0/embeda15d.json]
[ramsteinboyscouts.com/wp-json/oembed/1.0/embed58ac]
[ramsteinboyscouts.com/wp-content/uploads/2024/01/Screenshot-2024-01-08-153102-1-1024x424.jpg]
[ramsteinboyscouts.com/wp-content/uploads/2024/01/Screenshot-2024-01-08-153600.jpg]
[ramsteinboyscouts.com/wp-content/uploads/2024/01/Screenshot-2024-01-08-153625.jpg]
[ramsteinboyscouts.com/join/index.html]
[ramsteinboyscouts.com/wp-content/uploads/siteground-optimizer-assets/siteground-optimizer-combined-css-041562b87160e1a8de743bfe86381708.css]
[ramsteinboyscouts.com/wp-json/wp/v2/pages/83.json]
[ramsteinboyscouts.com/wp-json/oembed/1.0/embed25bf.json]
[ramsteinboyscouts.com/wp-content/uploads/2022/12/Screenshot-2022-12-06-132021-1024x545.jpg]
[ramsteinboyscouts.com/wp-json/oembed/1.0/embed1f1d]
[ramsteinboyscouts.com/wp-content/uploads/2022/12/silhouette-g4208661d1_1920-1024x678.jpg]
[ramsteinboyscouts.com/wp-content/uploads/2022/12/R-edited-scaled.jpg]
[ramsteinboyscouts.com/wp-content/uploads/2022/12/Showing-off-edited.jpg]
[ramsteinboyscouts.com/wp-content/uploads/2022/12/TC20180707_MR_0125_photo_SSBC-edited-1024x1024.jpg]
[ramsteinboyscouts.com/wp-content/uploads/2022/12/0B0A7969_photo_SBBC-scaled.jpg]
[ramsteinboyscouts.com/contact/index.html]
[ramsteinboyscouts.com/adventures/index.html]
[ramsteinboyscouts.com/wp-content/plugins/photo-gallery/booster/assets/images/optimize.svg]
[ramsteinboyscouts.com/indexbde5.html]
[ramsteinboyscouts.com/index1c40.html]
[ramsteinboyscouts.com/indexead8.html]
[ramsteinboyscouts.com/index6683.html]
[ramsteinboyscouts.com/wp-content/uploads/siteground-optimizer-assets/siteground-optimizer-combined-css-041562b87160e1a8de743bfe86381708.css]
[ramsteinboyscouts.com/index55e4.html]
[ramsteinboyscouts.com/wp-content/plugins/otter-blocks/assets/fontawesome/webfonts/fa-brands-400.eot]
[ramsteinboyscouts.com/xmlrpc0db0.php]
